Name, Make, Model, Price
Bob, Honda, CRV, 50000
Lucas, Honda, Odyssey, 15000
Kiran, Nissan, Sentra, 10000
asdfa, asdfa, hdfgh, 2345323
asdfas, thrwet, thr, 134234324
kljlkj, tdshefs, 3435, 645645645
Bob, Honda, CRV, 50000
Lucas, Honda, Odyssey, 15000
Kiran, Nissan, Sentra, 10000
asdfa, asdfa, hdfgh, 2345323
asdfas, thrwet, thr, 134234324
kljlkj, tdshefs, 3435, 645645645
Bob, Honda, CRV, 50000
Lucas, Honda, Odyssey, 15000
Kiran, Nissan, Sentra, 10000
asdfa, asdfa, hdfgh, 2345323
asdfas, thrwet, thr, 134234324
kljlkj, tdshefs, 3435, 645645645
Bob, Honda, CRV, 50000
Lucas, Honda, Odyssey, 15000
Kiran, Nissan, Sentra, 10000
asdfa, asdfa, hdfgh, 2345323
asdfas, thrwet, thr, 134234324
kljlkj, tdshefs, 3435, 645645645
Bob, Honda, CRV, 50000
Lucas, Honda, Odyssey, 15000
Kiran, Nissan, Sentra, 10000
asdfa, asdfa, hdfgh, 2345323
asdfas, thrwet, thr, 134234324
kljlkj, tdshefs, 3435, 645645645
Bob, Honda, CRV, 50000
Lucas, Honda, Odyssey, 15000
Kiran, Nissan, Sentra, 10000
asdfa, asdfa, hdfgh, 2345323
asdfas, thrwet, thr, 134234324
kljlkj, tdshefs, 3435, 645645645
